Archive member included to satisfy reference by file (symbol)

/home/matheus-cipolotti/st/stm32cubeide_2.0.0/plugins/com.st.stm32cube.ide.mcu.externaltools.gnu-tools-for-stm32.14.3.rel1.linux64_1.0.100.202602081740/tools/bin/../lib/gcc/arm-none-eabi/14.3.1/../../../../arm-none-eabi/lib/thumb/v6-m/nofp/libc_nano.a(libc_a-exit.o)
                              /home/matheus-cipolotti/st/stm32cubeide_2.0.0/plugins/com.st.stm32cube.ide.mcu.externaltools.gnu-tools-for-stm32.14.3.rel1.linux64_1.0.100.202602081740/tools/bin/../lib/gcc/arm-none-eabi/14.3.1/../../../../arm-none-eabi/lib/thumb/v6-m/nofp/crt0.o (exit)
/home/matheus-cipolotti/st/stm32cubeide_2.0.0/plugins/com.st.stm32cube.ide.mcu.externaltools.gnu-tools-for-stm32.14.3.rel1.linux64_1.0.100.202602081740/tools/bin/../lib/gcc/arm-none-eabi/14.3.1/../../../../arm-none-eabi/lib/thumb/v6-m/nofp/libc_nano.a(libc_a-findfp.o)
                              /home/matheus-cipolotti/st/stm32cubeide_2.0.0/plugins/com.st.stm32cube.ide.mcu.externaltools.gnu-tools-for-stm32.14.3.rel1.linux64_1.0.100.202602081740/tools/bin/../lib/gcc/arm-none-eabi/14.3.1/../../../../arm-none-eabi/lib/thumb/v6-m/nofp/libc_nano.a(libc_a-exit.o) (__stdio_exit_handler)
/home/matheus-cipolotti/st/stm32cubeide_2.0.0/plugins/com.st.stm32cube.ide.mcu.externaltools.gnu-tools-for-stm32.14.3.rel1.linux64_1.0.100.202602081740/tools/bin/../lib/gcc/arm-none-eabi/14.3.1/../../../../arm-none-eabi/lib/thumb/v6-m/nofp/libc_nano.a(libc_a-fwalk.o)
                              /home/matheus-cipolotti/st/stm32cubeide_2.0.0/plugins/com.st.stm32cube.ide.mcu.externaltools.gnu-tools-for-stm32.14.3.rel1.linux64_1.0.100.202602081740/tools/bin/../lib/gcc/arm-none-eabi/14.3.1/../../../../arm-none-eabi/lib/thumb/v6-m/nofp/libc_nano.a(libc_a-findfp.o) (_fwalk_sglue)
/home/matheus-cipolotti/st/stm32cubeide_2.0.0/plugins/com.st.stm32cube.ide.mcu.externaltools.gnu-tools-for-stm32.14.3.rel1.linux64_1.0.100.202602081740/tools/bin/../lib/gcc/arm-none-eabi/14.3.1/../../../../arm-none-eabi/lib/thumb/v6-m/nofp/libc_nano.a(libc_a-snprintf.o)
                              ./Ethernet_W5500/MQTT/MQTTPacket/src/MQTTFormat.o (snprintf)
/home/matheus-cipolotti/st/stm32cubeide_2.0.0/plugins/com.st.stm32cube.ide.mcu.externaltools.gnu-tools-for-stm32.14.3.rel1.linux64_1.0.100.202602081740/tools/bin/../lib/gcc/arm-none-eabi/14.3.1/../../../../arm-none-eabi/lib/thumb/v6-m/nofp/libc_nano.a(libc_a-stdio.o)
                              /home/matheus-cipolotti/st/stm32cubeide_2.0.0/plugins/com.st.stm32cube.ide.mcu.externaltools.gnu-tools-for-stm32.14.3.rel1.linux64_1.0.100.202602081740/tools/bin/../lib/gcc/arm-none-eabi/14.3.1/../../../../arm-none-eabi/lib/thumb/v6-m/nofp/libc_nano.a(libc_a-findfp.o) (__sread)
/home/matheus-cipolotti/st/stm32cubeide_2.0.0/plugins/com.st.stm32cube.ide.mcu.externaltools.gnu-tools-for-stm32.14.3.rel1.linux64_1.0.100.202602081740/tools/bin/../lib/gcc/arm-none-eabi/14.3.1/../../../../arm-none-eabi/lib/thumb/v6-m/nofp/libc_nano.a(libc_a-memcmp.o)
                              ./Ethernet_W5500/MQTT/MQTTPacket/src/MQTTConnectServer.o (memcmp)
/home/matheus-cipolotti/st/stm32cubeide_2.0.0/plugins/com.st.stm32cube.ide.mcu.externaltools.gnu-tools-for-stm32.14.3.rel1.linux64_1.0.100.202602081740/tools/bin/../lib/gcc/arm-none-eabi/14.3.1/../../../../arm-none-eabi/lib/thumb/v6-m/nofp/libc_nano.a(libc_a-memset.o)
                              /home/matheus-cipolotti/st/stm32cubeide_2.0.0/plugins/com.st.stm32cube.ide.mcu.externaltools.gnu-tools-for-stm32.14.3.rel1.linux64_1.0.100.202602081740/tools/bin/../lib/gcc/arm-none-eabi/14.3.1/../../../../arm-none-eabi/lib/thumb/v6-m/nofp/crt0.o (memset)
/home/matheus-cipolotti/st/stm32cubeide_2.0.0/plugins/com.st.stm32cube.ide.mcu.externaltools.gnu-tools-for-stm32.14.3.rel1.linux64_1.0.100.202602081740/tools/bin/../lib/gcc/arm-none-eabi/14.3.1/../../../../arm-none-eabi/lib/thumb/v6-m/nofp/libc_nano.a(libc_a-strchr.o)
                              ./Ethernet_W5500/DNS/dns.o (strchr)
/home/matheus-cipolotti/st/stm32cubeide_2.0.0/plugins/com.st.stm32cube.ide.mcu.externaltools.gnu-tools-for-stm32.14.3.rel1.linux64_1.0.100.202602081740/tools/bin/../lib/gcc/arm-none-eabi/14.3.1/../../../../arm-none-eabi/lib/thumb/v6-m/nofp/libc_nano.a(libc_a-strncmp.o)
                              ./Ethernet_W5500/MQTT/MQTTPacket/src/MQTTPacket.o (strncmp)
/home/matheus-cipolotti/st/stm32cubeide_2.0.0/plugins/com.st.stm32cube.ide.mcu.externaltools.gnu-tools-for-stm32.14.3.rel1.linux64_1.0.100.202602081740/tools/bin/../lib/gcc/arm-none-eabi/14.3.1/../../../../arm-none-eabi/lib/thumb/v6-m/nofp/libc_nano.a(libc_a-strncpy.o)
                              ./Ethernet_W5500/DNS/dns.o (strncpy)
/home/matheus-cipolotti/st/stm32cubeide_2.0.0/plugins/com.st.stm32cube.ide.mcu.externaltools.gnu-tools-for-stm32.14.3.rel1.linux64_1.0.100.202602081740/tools/bin/../lib/gcc/arm-none-eabi/14.3.1/../../../../arm-none-eabi/lib/thumb/v6-m/nofp/libc_nano.a(libc_a-closer.o)
[...]
Memory Configuration

Name             Origin             Length             Attributes
RAM              0x20000000         0x00024000         xrw
FLASH            0x08000000         0x00080000         xr
*default*        0x00000000         0xffffffff

Linker script and memory map

LOAD /home/matheus-cipolotti/st/stm32cubeide_2.0.0/plugins/com.st.stm32cube.ide.mcu.externaltools.gnu-tools-for-stm32.14.3.rel1.linux64_1.0.100.202602081740/tools/bin/../lib/gcc/arm-none-eabi/14.3.1/thumb/v6-m/nofp/crti.o
LOAD /home/matheus-cipolotti/st/stm32cubeide_2.0.0/plugins/com.st.stm32cube.ide.mcu.externaltools.gnu-tools-for-stm32.14.3.rel1.linux64_1.0.100.202602081740/tools/bin/../lib/gcc/arm-none-eabi/14.3.1/thumb/v6-m/nofp/crtbegin.o
LOAD /home/matheus-cipolotti/st/stm32cubeide_2.0.0/plugins/com.st.stm32cube.ide.mcu.externaltools.gnu-tools-for-stm32.14.3.rel1.linux64_1.0.100.202602081740/tools/bin/../lib/gcc/arm-none-eabi/14.3.1/../../../../arm-none-eabi/lib/thumb/v6-m/nofp/crt0.o
LOAD ./Ethernet_W5500/DHCP/dhcp.o
LOAD ./Ethernet_W5500/DNS/dns.o
LOAD ./Ethernet_W5500/MQTT/MQTTClient.o
LOAD ./Ethernet_W5500/MQTT/mqtt_interface.o
LOAD ./Ethernet_W5500/MQTT/MQTTPacket/src/MQTTConnectClient.o
LOAD ./Ethernet_W5500/MQTT/MQTTPacket/src/MQTTConnectServer.o
LOAD ./Ethernet_W5500/MQTT/MQTTPacket/src/MQTTDeserializePublish.o
LOAD ./Ethernet_W5500/MQTT/MQTTPacket/src/MQTTFormat.o
LOAD ./Ethernet_W5500/MQTT/MQTTPacket/src/MQTTPacket.o
LOAD ./Ethernet_W5500/MQTT/MQTTPacket/src/MQTTSerializePublish.o
LOAD ./Ethernet_W5500/MQTT/MQTTPacket/src/MQTTSubscribeClient.o
LOAD ./Ethernet_W5500/MQTT/MQTTPacket/src/MQTTSubscribeServer.o
LOAD ./Ethernet_W5500/MQTT/MQTTPacket/src/MQTTUnsubscribeClient.o
LOAD ./Ethernet_W5500/MQTT/MQTTPacket/src/MQTTUnsubscribeServer.o
LOAD ./Ethernet_W5500/W5500/w5500.o
LOAD ./Ethernet_W5500/socket.o
LOAD ./Ethernet_W5500/wizchip_conf.o
LOAD ./Ethernet_W5500/wizchip_port.o
LOAD ./Src/EUSART.o
LOAD ./Src/MCU.o
LOAD ./Src/SPI.o
LOAD ./Src/main.o
LOAD ./Src/syscalls.o
LOAD ./Src/sysmem.o
LOAD ./Startup/startup_stm32g0b0retx.o
START GROUP
LOAD /home/matheus-cipolotti/st/stm32cubeide_2.0.0/plugins/com.st.stm32cube.ide.mcu.externaltools.gnu-tools-for-stm32.14.3.rel1.linux64_1.0.100.202602081740/tools/bin/../lib/gcc/arm-none-eabi/14.3.1/../../../../arm-none-eabi/lib/thumb/v6-m/nofp/libc_nano.a
LOAD /home/matheus-cipolotti/st/stm32cubeide_2.0.0/plugins/com.st.stm32cube.ide.mcu.externaltools.gnu-tools-for-stm32.14.3.rel1.linux64_1.0.100.202602081740/tools/bin/../lib/gcc/arm-none-eabi/14.3.1/../../../../arm-none-eabi/lib/thumb/v6-m/nofp/libm.a
END GROUP
START GROUP
LOAD /home/matheus-cipolotti/st/stm32cubeide_2.0.0/plugins/com.st.stm32cube.ide.mcu.externaltools.gnu-tools-for-stm32.14.3.rel1.linux64_1.0.100.202602081740/tools/bin/../lib/gcc/arm-none-eabi/14.3.1/thumb/v6-m/nofp/libgcc.a
LOAD /home/matheus-cipolotti/st/stm32cubeide_2.0.0/plugins/com.st.stm32cube.ide.mcu.externaltools.gnu-tools-for-stm32.14.3.rel1.linux64_1.0.100.202602081740/tools/bin/../lib/gcc/arm-none-eabi/14.3.1/../../../../arm-none-eabi/lib/thumb/v6-m/nofp/libc_nano.a
END GROUP
START GROUP
LOAD /home/matheus-cipolotti/st/stm32cubeide_2.0.0/plugins/com.st.stm32cube.ide.mcu.externaltools.gnu-tools-for-stm32.14.3.rel1.linux64_1.0.100.202602081740/tools/bin/../lib/gcc/arm-none-eabi/14.3.1/thumb/v6-m/nofp/libgcc.a
LOAD /home/matheus-cipolotti/st/stm32cubeide_2.0.0/plugins/com.st.stm32cube.ide.mcu.externaltools.gnu-tools-for-stm32.14.3.rel1.linux64_1.0.100.202602081740/tools/bin/../lib/gcc/arm-none-eabi/14.3.1/../../../../arm-none-eabi/lib/thumb/v6-m/nofp/libc_nano.a
LOAD /home/matheus-cipolotti/st/stm32cubeide_2.0.0/plugins/com.st.stm32cube.ide.mcu.externaltools.gnu-tools-for-stm32.14.3.rel1.linux64_1.0.100.202602081740/tools/bin/../lib/gcc/arm-none-eabi/14.3.1/../../../../arm-none-eabi/lib/thumb/v6-m/nofp/libnosys.a
END GROUP
START GROUP
LOAD /home/matheus-cipolotti/st/stm32cubeide_2.0.0/plugins/com.st.stm32cube.ide.mcu.externaltools.gnu-tools-for-stm32.14.3.rel1.linux64_1.0.100.202602081740/tools/bin/../lib/gcc/arm-none-eabi/14.3.1/thumb/v6-m/nofp/libgcc.a
LOAD /home/matheus-cipolotti/st/stm32cubeide_2.0.0/plugins/com.st.stm32cube.ide.mcu.externaltools.gnu-tools-for-stm32.14.3.rel1.linux64_1.0.100.202602081740/tools/bin/../lib/gcc/arm-none-eabi/14.3.1/../../../../arm-none-eabi/lib/thumb/v6-m/nofp/libc_nano.a
LOAD /home/matheus-cipolotti/st/stm32cubeide_2.0.0/plugins/com.st.stm32cube.ide.mcu.externaltools.gnu-tools-for-stm32.14.3.rel1.linux64_1.0.100.202602081740/tools/bin/../lib/gcc/arm-none-eabi/14.3.1/../../../../arm-none-eabi/lib/thumb/v6-m/nofp/libnosys.a
END GROUP
LOAD /home/matheus-cipolotti/st/stm32cubeide_2.0.0/plugins/com.st.stm32cube.ide.mcu.externaltools.gnu-tools-for-stm32.14.3.rel1.linux64_1.0.100.202602081740/tools/bin/../lib/gcc/arm-none-eabi/14.3.1/thumb/v6-m/nofp/crtend.o
LOAD /home/matheus-cipolotti/st/stm32cubeide_2.0.0/plugins/com.st.stm32cube.ide.mcu.externaltools.gnu-tools-for-stm32.14.3.rel1.linux64_1.0.100.202602081740/tools/bin/../lib/gcc/arm-none-eabi/14.3.1/thumb/v6-m/nofp/crtn.o
                0x20024000                        _estack = (ORIGIN (RAM) + LENGTH (RAM))
                0x00000200                        _Min_Heap_Size = 0x200
                0x00000400                        _Min_Stack_Size = 0x400

.isr_vector     0x08000000       0xb8
                0x08000000                        . = ALIGN (0x4)
 *(.isr_vector)
 .isr_vector    0x08000000       0xb8 ./Startup/startup_stm32g0b0retx.o
                0x08000000                g_pfnVectors
                0x080000b8                        . = ALIGN (0x4)

.text           0x080000b8     0x1e98
                0x080000b8                        . = ALIGN (0x4)
 *(.text)
 .text          0x080000b8       0x48 /home/matheus-cipolotti/st/stm32cubeide_2.0.0/plugins/com.st.stm32cube.ide.mcu.externaltools.gnu-tools-for-stm32.14.3.rel1.linux64_1.0.100.202602081740/tools/bin/../lib/gcc/arm-none-eabi/14.3.1/thumb/v6-m/nofp/crtbegin.o
 .text          0x08000100      0x114 /home/matheus-cipolotti/st/stm32cubeide_2.0.0/plugins/com.st.stm32cube.ide.mcu.externaltools.gnu-tools-for-stm32.14.3.rel1.linux64_1.0.100.202602081740/tools/bin/../lib/gcc/arm-none-eabi/14.3.1/thumb/v6-m/nofp/libgcc.a(_udivsi3.o)
                0x08000100                __udivsi3
                0x08000100                __aeabi_uidiv
                0x0800020c                __aeabi_uidivmod
 .text          0x08000214        0x4 /home/matheus-cipolotti/st/stm32cubeide_2.0.0/plugins/com.st.stm32cube.ide.mcu.externaltools.gnu-tools-for-stm32.14.3.rel1.linux64_1.0.100.202602081740/tools/bin/../lib/gcc/arm-none-eabi/14.3.1/thumb/v6-m/nofp/libgcc.a(_dvmd_tls.o)
                0x08000214                __aeabi_ldiv0
                0x08000214                __aeabi_idiv0
 *(.text*)
 .text.WIZCHIP_READ
                0x08000218       0xa4 ./Ethernet_W5500/W5500/w5500.o
                0x08000218                WIZCHIP_READ
 .text.WIZCHIP_WRITE
                0x080002bc       0xac ./Ethernet_W5500/W5500/w5500.o
                0x080002bc                WIZCHIP_WRITE
 .text.WIZCHIP_READ_BUF
                0x08000368       0xdc ./Ethernet_W5500/W5500/w5500.o
                0x08000368                WIZCHIP_READ_BUF
 .text.WIZCHIP_WRITE_BUF
                0x08000444       0xdc ./Ethernet_W5500/W5500/w5500.o
                0x08000444                WIZCHIP_WRITE_BUF
 .text.getSn_TX_FSR
                0x08000520       0xd8 ./Ethernet_W5500/W5500/w5500.o
                0x08000520                getSn_TX_FSR
 .text.getSn_RX_RSR
                0x080005f8       0xd8 ./Ethernet_W5500/W5500/w5500.o
                0x080005f8                getSn_RX_RSR
 .text.wiz_send_data
                0x080006d0       0xee ./Ethernet_W5500/W5500/w5500.o
                0x080006d0                wiz_send_data
 .text.wiz_recv_data
                0x080007be       0xee ./Ethernet_W5500/W5500/w5500.o
                0x080007be                wiz_recv_data
 .text.socket   0x080008ac      0x28c ./Ethernet_W5500/socket.o
                0x080008ac                socket
 .text.close    0x08000b38       0xf4 ./Ethernet_W5500/socket.o
                0x08000b38                close
 .text.listen   0x08000c2c       0xca ./Ethernet_W5500/socket.o
                0x08000c2c                listen
 *fill*         0x08000cf6        0x2 
 .text.send     0x08000cf8      0x348 ./Ethernet_W5500/socket.o
                0x08000cf8                send
 .text.recv     0x08001040      0x1c4 ./Ethernet_W5500/socket.o
                0x08001040                recv
 .text.wizchip_cris_enter
                0x08001204        0xa ./Ethernet_W5500/wizchip_conf.o
                0x08001204                wizchip_cris_enter
 .text.wizchip_cris_exit
                0x0800120e        0xa ./Ethernet_W5500/wizchip_conf.o
                0x0800120e                wizchip_cris_exit
 .text.wizchip_cs_select
                0x08001218        0xa ./Ethernet_W5500/wizchip_conf.o
                0x08001218                wizchip_cs_select
 .text.wizchip_cs_deselect
                0x08001222        0xa ./Ethernet_W5500/wizchip_conf.o
                0x08001222                wizchip_cs_deselect
 .text.wizchip_bus_readdata
                0x0800122c       0x16 ./Ethernet_W5500/wizchip_conf.o
                0x0800122c                wizchip_bus_readdata
 .text.wizchip_bus_writedata
                0x08001242       0x1e ./Ethernet_W5500/wizchip_conf.o
                0x08001242                wizchip_bus_writedata
 .text.wizchip_spi_readbyte
                0x08001260        0xc ./Ethernet_W5500/wizchip_conf.o
                0x08001260                wizchip_spi_readbyte
 .text.wizchip_spi_writebyte
                0x0800126c       0x14 ./Ethernet_W5500/wizchip_conf.o
                0x0800126c                wizchip_spi_writebyte
 .text.reg_wizchip_cs_cbfunc
                0x08001280       0x48 ./Ethernet_W5500/wizchip_conf.o
                0x08001280                reg_wizchip_cs_cbfunc
 .text.reg_wizchip_spi_cbfunc
                0x080012c8       0x58 ./Ethernet_W5500/wizchip_conf.o
                0x080012c8                reg_wizchip_spi_cbfunc
 .text.wizchip_sw_reset
                0x08001320       0x92 ./Ethernet_W5500/wizchip_conf.o
                0x08001320                wizchip_sw_reset
 .text.wizchip_init
                0x080013b2      0x186 ./Ethernet_W5500/wizchip_conf.o
                0x080013b2                wizchip_init
 .text.wizchip_setnetinfo
                0x08001538       0x84 ./Ethernet_W5500/wizchip_conf.o
                0x08001538                wizchip_setnetinfo
 .text.wizchip_select
                0x080015bc       0x14 ./Ethernet_W5500/wizchip_port.o
                0x080015bc                wizchip_select
 .text.wizchip_deselect
                0x080015d0       0x14 ./Ethernet_W5500/wizchip_port.o
                0x080015d0                wizchip_deselect
 .text.spi2_readbyte
                0x080015e4       0x12 ./Ethernet_W5500/wizchip_port.o
                0x080015e4                spi2_readbyte
 .text.spi2_writebyte
                0x080015f6       0x1e ./Ethernet_W5500/wizchip_port.o
                0x080015f6                spi2_writebyte
 .text.__NVIC_EnableIRQ
                0x08001614       0x34 ./Src/EUSART.o
 .text.__NVIC_SetPriority
                0x08001648       0xdc ./Src/EUSART.o
 .text.UART1_Init
                0x08001724       0xd8 ./Src/EUSART.o
                0x08001724                UART1_Init
 .text.UART1_Write
                0x080017fc       0x2c ./Src/EUSART.o
                0x080017fc                UART1_Write
 .text.UART1_Write_Text
                0x08001828       0x38 ./Src/EUSART.o
                0x08001828                UART1_Write_Text
 .text.UART1_Write_Text_ln
                0x08001860       0x24 ./Src/EUSART.o
                0x08001860                UART1_Write_Text_ln
 .text.__NVIC_EnableIRQ
                0x08001884       0x34 ./Src/MCU.o
 .text.GPIO_Init
                0x080018b8      0x124 ./Src/MCU.o
                0x080018b8                GPIO_Init
 .text.Osc_Init
                0x080019dc       0x84 ./Src/MCU.o
                0x080019dc                Osc_Init
 .text.TIM6_init
                0x08001a60       0x54 ./Src/MCU.o
                0x08001a60                TIM6_init
 .text.SPI2_Init
                0x08001ab4      0x110 ./Src/SPI.o
                0x08001ab4                SPI2_Init
 .text.SPI2_Transfer
                0x08001bc4       0x44 ./Src/SPI.o
                0x08001bc4                SPI2_Transfer
 .text.TIM6_DAC_IRQHandler
                0x08001c08       0x74 ./Src/main.o
                0x08001c08                TIM6_DAC_IRQHandler
 .text.USART1_IRQHandler
                0x08001c7c       0x94 ./Src/main.o
                0x08001c7c                USART1_IRQHandler
 .text.main     0x08001d10      0x17c ./Src/main.o
                0x08001d10                main
 .text.Reset_Handler
                0x08001e8c       0x50 ./Startup/startup_stm32g0b0retx.o
                0x08001e8c                Reset_Handler
 .text.Default_Handler
                0x08001edc        0x2 ./Startup/startup_stm32g0b0retx.o
                0x08001edc                TIM1_CC_IRQHandler
                0x08001edc                HardFault_Handler
                0x08001edc                SysTick_Handler
                0x08001edc                RTC_STAMP_IRQHandler
                0x08001edc                PendSV_Handler
                0x08001edc                NMI_Handler
                0x08001edc                I2C1_IRQHandler
                0x08001edc                DMA1_Channel4_5_6_7_DMAMUX_DMA2_Channel1_2_3_4_5_IRQHandler
                0x08001edc                SPI1_IRQHandler
                0x08001edc                EXTI2_3_IRQHandler
                0x08001edc                I2C2_IRQHandler
                0x08001edc                TIM17_IRQHandler
                0x08001edc                TIM16_IRQHandler
                0x08001edc                EXTI4_15_IRQHandler
                0x08001edc                RCC_IRQHandler
                0x08001edc                DMA1_Channel1_IRQHandler
                0x08001edc                Default_Handler
                0x08001edc                TIM14_IRQHandler
                0x08001edc                ADC_IRQHandler
                0x08001edc                TIM7_IRQHandler
                0x08001edc                TIM15_IRQHandler
                0x08001edc                TIM3_TIM4_IRQHandler
                0x08001edc                EXTI0_1_IRQHandler
                0x08001edc                SVC_Handler
                0x08001edc                WWDG_IRQHandler
                0x08001edc                SPI2_SPI3_IRQHandler
                0x08001edc                DMA1_Channel2_3_IRQHandler
                0x08001edc                USART3_USART4_USART5_USART6_LPUART1_IRQHandler
                0x08001edc                USART2_IRQHandler
                0x08001edc                FLASH_IRQHandler
                0x08001edc                TIM1_BRK_UP_TRG_COM_IRQHandler
                0x08001edc                UCPD1_UCPD2_USB_IRQHandler
 .text.memset   0x08001ede       0x10 /home/matheus-cipolotti/st/stm32cubeide_2.0.0/plugins/com.st.stm32cube.ide.mcu.externaltools.gnu-tools-for-stm32.14.3.rel1.linux64_1.0.100.202602081740/tools/bin/../lib/gcc/arm-none-eabi/14.3.1/../../../../arm-none-eabi/lib/thumb/v6-m/nofp/libc_nano.a(libc_a-memset.o)
                0x08001ede                memset
 *fill*         0x08001eee        0x2 
 .text.__libc_init_array
                0x08001ef0       0x48 /home/matheus-cipolotti/st/stm32cubeide_2.0.0/plugins/com.st.stm32cube.ide.mcu.externaltools.gnu-tools-for-stm32.14.3.rel1.linux64_1.0.100.202602081740/tools/bin/../lib/gcc/arm-none-eabi/14.3.1/../../../../arm-none-eabi/lib/thumb/v6-m/nofp/libc_nano.a(libc_a-init.o)
                0x08001ef0                __libc_init_array
 *(.glue_7)
 .glue_7        0x08001f38        0x0 linker stubs
 *(.glue_7t)
 .glue_7t       0x08001f38        0x0 linker stubs
 *(.eh_frame)
 .eh_frame      0x08001f38        0x0 /home/matheus-cipolotti/st/stm32cubeide_2.0.0/plugins/com.st.stm32cube.ide.mcu.externaltools.gnu-tools-for-stm32.14.3.rel1.linux64_1.0.100.202602081740/tools/bin/../lib/gcc/arm-none-eabi/14.3.1/thumb/v6-m/nofp/crtbegin.o
 *(.init)
 .init          0x08001f38        0x4 /home/matheus-cipolotti/st/stm32cubeide_2.0.0/plugins/com.st.stm32cube.ide.mcu.externaltools.gnu-tools-for-stm32.14.3.rel1.linux64_1.0.100.202602081740/tools/bin/../lib/gcc/arm-none-eabi/14.3.1/thumb/v6-m/nofp/crti.o
                0x08001f38                _init
 .init          0x08001f3c        0x8 /home/matheus-cipolotti/st/stm32cubeide_2.0.0/plugins/com.st.stm32cube.ide.mcu.externaltools.gnu-tools-for-stm32.14.3.rel1.linux64_1.0.100.202602081740/tools/bin/../lib/gcc/arm-none-eabi/14.3.1/thumb/v6-m/nofp/crtn.o
 *(.fini)
 .fini          0x08001f44        0x4 /home/matheus-cipolotti/st/stm32cubeide_2.0.0/plugins/com.st.stm32cube.ide.mcu.externaltools.gnu-tools-for-stm32.14.3.rel1.linux64_1.0.100.202602081740/tools/bin/../lib/gcc/arm-none-eabi/14.3.1/thumb/v6-m/nofp/crti.o
                0x08001f44                _fini
 .fini          0x08001f48        0x8 /home/matheus-cipolotti/st/stm32cubeide_2.0.0/plugins/com.st.stm32cube.ide.mcu.externaltools.gnu-tools-for-stm32.14.3.rel1.linux64_1.0.100.202602081740/tools/bin/../lib/gcc/arm-none-eabi/14.3.1/thumb/v6-m/nofp/crtn.o
                0x08001f50                        . = ALIGN (0x4)
                0x08001f50                        _etext = .

.vfp11_veneer   0x08001f50        0x0
 .vfp11_veneer  0x08001f50        0x0 linker stubs

.v4_bx          0x08001f50        0x0
 .v4_bx         0x08001f50        0x0 linker stubs

.iplt           0x08001f50        0x0
 .iplt          0x08001f50        0x0 /home/matheus-cipolotti/st/stm32cubeide_2.0.0/plugins/com.st.stm32cube.ide.mcu.externaltools.gnu-tools-for-stm32.14.3.rel1.linux64_1.0.100.202602081740/tools/bin/../lib/gcc/arm-none-eabi/14.3.1/thumb/v6-m/nofp/crtbegin.o

.rodata         0x08001f50       0x30
                0x08001f50                        . = ALIGN (0x4)
 *(.rodata)
 .rodata        0x08001f50       0x2f ./Src/main.o
 *(.rodata*)
                0x08001f80                        . = ALIGN (0x4)
 *fill*         0x08001f7f        0x1 

.ARM.extab      0x08001f80        0x0
                0x08001f80                        . = ALIGN (0x4)
 *(.ARM.extab* .gnu.linkonce.armextab.*)
                0x08001f80                        . = ALIGN (0x4)

.ARM            0x08001f80        0x0
                0x08001f80                        . = ALIGN (0x4)
                0x08001f80                        __exidx_start = .
 *(.ARM.exidx*)
                0x08001f80                        __exidx_end = .
                0x08001f80                        . = ALIGN (0x4)

.preinit_array  0x08001f80        0x0
                0x08001f80                        . = ALIGN (0x4)
                0x08001f80                        PROVIDE (__preinit_array_start = .)
 *(.preinit_array*)
                0x08001f80                        PROVIDE (__preinit_array_end = .)
                0x08001f80                        . = ALIGN (0x4)

.init_array     0x08001f80        0x4
                0x08001f80                        . = ALIGN (0x4)
                0x08001f80                        PROVIDE (__init_array_start = .)
 *(SORT_BY_NAME(.init_array.*))
 *(.init_array*)
 .init_array    0x08001f80        0x4 /home/matheus-cipolotti/st/stm32cubeide_2.0.0/plugins/com.st.stm32cube.ide.mcu.externaltools.gnu-tools-for-stm32.14.3.rel1.linux64_1.0.100.202602081740/tools/bin/../lib/gcc/arm-none-eabi/14.3.1/thumb/v6-m/nofp/crtbegin.o
                0x08001f84                        PROVIDE (__init_array_end = .)
                0x08001f84                        . = ALIGN (0x4)

.fini_array     0x08001f84        0x4
                0x08001f84                        . = ALIGN (0x4)
                [!provide]                        PROVIDE (__fini_array_start = .)
 *(SORT_BY_NAME(.fini_array.*))
 *(.fini_array*)
 .fini_array    0x08001f84        0x4 /home/matheus-cipolotti/st/stm32cubeide_2.0.0/plugins/com.st.stm32cube.ide.mcu.externaltools.gnu-tools-for-stm32.14.3.rel1.linux64_1.0.100.202602081740/tools/bin/../lib/gcc/arm-none-eabi/14.3.1/thumb/v6-m/nofp/crtbegin.o
                [!provide]                        PROVIDE (__fini_array_end = .)
                0x08001f88                        . = ALIGN (0x4)
                0x08001f88                        _sidata = LOADADDR (.data)

.rel.dyn        0x08001f88        0x0
 .rel.iplt      0x08001f88        0x0 /home/matheus-cipolotti/st/stm32cubeide_2.0.0/plugins/com.st.stm32cube.ide.mcu.externaltools.gnu-tools-for-stm32.14.3.rel1.linux64_1.0.100.202602081740/tools/bin/../lib/gcc/arm-none-eabi/14.3.1/thumb/v6-m/nofp/crtbegin.o

.data           0x20000000       0x30 load address 0x08001f88
                0x20000000                        . = ALIGN (0x4)
                0x20000000                        _sdata = .
 *(.data)
 *(.data*)
 .data.sock_any_port
                0x20000000        0x2 ./Ethernet_W5500/socket.o
 *fill*         0x20000002        0x2 
 .data.WIZCHIP  0x20000004       0x2c ./Ethernet_W5500/wizchip_conf.o
                0x20000004                WIZCHIP
 *(.RamFunc)
 *(.RamFunc*)
                0x20000030                        . = ALIGN (0x4)
                0x20000030                        _edata = .

.igot.plt       0x20000030        0x0 load address 0x08001fb8
 .igot.plt      0x20000030        0x0 /home/matheus-cipolotti/st/stm32cubeide_2.0.0/plugins/com.st.stm32cube.ide.mcu.externaltools.gnu-tools-for-stm32.14.3.rel1.linux64_1.0.100.202602081740/tools/bin/../lib/gcc/arm-none-eabi/14.3.1/thumb/v6-m/nofp/crtbegin.o
                0x20000030                        . = ALIGN (0x4)

.bss            0x20000030       0xe8 load address 0x08001fb8
                0x20000030                        _sbss = .
                0x20000030                        __bss_start__ = _sbss
 *(.bss)
 .bss           0x20000030       0x1c /home/matheus-cipolotti/st/stm32cubeide_2.0.0/plugins/com.st.stm32cube.ide.mcu.externaltools.gnu-tools-for-stm32.14.3.rel1.linux64_1.0.100.202602081740/tools/bin/../lib/gcc/arm-none-eabi/14.3.1/thumb/v6-m/nofp/crtbegin.o
 *(.bss*)
 .bss.sock_io_mode
                0x2000004c        0x2 ./Ethernet_W5500/socket.o
 .bss.sock_is_sending
                0x2000004e        0x2 ./Ethernet_W5500/socket.o
 .bss.sock_remained_size
                0x20000050       0x10 ./Ethernet_W5500/socket.o
 .bss.sock_pack_info
                0x20000060        0x8 ./Ethernet_W5500/socket.o
                0x20000060                sock_pack_info
 .bss._DNS_     0x20000068        0x4 ./Ethernet_W5500/wizchip_conf.o
 .bss._DHCP_    0x2000006c        0x1 ./Ethernet_W5500/wizchip_conf.o
 *fill*         0x2000006d        0x3 
 .bss.miliseconds_counter
                0x20000070        0x4 ./Src/main.o
                0x20000070                miliseconds_counter
 .bss.usart1_receive_interrupt
                0x20000074        0x1 ./Src/main.o
                0x20000074                usart1_receive_interrupt
 .bss.usart1_receive_data
                0x20000075        0x1 ./Src/main.o
                0x20000075                usart1_receive_data
 .bss.usart1_miliseconds_counter
                0x20000076        0x1 ./Src/main.o
                0x20000076                usart1_miliseconds_counter
 .bss.usart1_index
                0x20000077        0x1 ./Src/main.o
                0x20000077                usart1_index
 .bss.menu_buffer
                0x20000078       0x1e ./Src/main.o
                0x20000078                menu_buffer
 *fill*         0x20000096        0x2 
 .bss.buffer    0x20000098       0x80 ./Src/main.o
                0x20000098                buffer
 *(COMMON)
                0x20000118                        . = ALIGN (0x4)
                0x20000118                        _ebss = .
                0x20000118                        __bss_end__ = _ebss

._user_heap_stack
                0x20000118      0x600 load address 0x08001fb8
                0x20000118                        . = ALIGN (0x8)
                [!provide]                        PROVIDE (end = .)
                0x20000118                        PROVIDE (_end = .)
                0x20000318                        . = (. + _Min_Heap_Size)
 *fill*         0x20000118      0x200 
                0x20000718                        . = (. + _Min_Stack_Size)
 *fill*         0x20000318      0x400 
                0x20000718                        . = ALIGN (0x8)

/DISCARD/
 libc.a(*)
 libm.a(*)
 libgcc.a(*)

.ARM.attributes
                0x00000000       0x28
 *(.ARM.attributes)
 .ARM.attributes
                0x00000000       0x1e /home/matheus-cipolotti/st/stm32cubeide_2.0.0/plugins/com.st.stm32cube.ide.mcu.externaltools.gnu-tools-for-stm32.14.3.rel1.linux64_1.0.100.202602081740/tools/bin/../lib/gcc/arm-none-eabi/14.3.1/thumb/v6-m/nofp/crti.o
 .ARM.attributes
                0x0000001e       0x2c /home/matheus-cipolotti/st/stm32cubeide_2.0.0/plugins/com.st.stm32cube.ide.mcu.externaltools.gnu-tools-for-stm32.14.3.rel1.linux64_1.0.100.202602081740/tools/bin/../lib/gcc/arm-none-eabi/14.3.1/thumb/v6-m/nofp/crtbegin.o
 .ARM.attributes
                0x0000004a       0x2c ./Ethernet_W5500/W5500/w5500.o
 .ARM.attributes
                0x00000076       0x2c ./Ethernet_W5500/socket.o
 .ARM.attributes
                0x000000a2       0x2c ./Ethernet_W5500/wizchip_conf.o
 .ARM.attributes
                0x000000ce       0x2c ./Ethernet_W5500/wizchip_port.o
 .ARM.attributes
                0x000000fa       0x2c ./Src/EUSART.o
 .ARM.attributes
                0x00000126       0x2c ./Src/MCU.o
 .ARM.attributes
                0x00000152       0x2c ./Src/SPI.o
 .ARM.attributes
                0x0000017e       0x2c ./Src/main.o
 .ARM.attributes
                0x000001aa       0x22 ./Startup/startup_stm32g0b0retx.o
 .ARM.attributes
                0x000001cc       0x2c /home/matheus-cipolotti/st/stm32cubeide_2.0.0/plugins/com.st.stm32cube.ide.mcu.externaltools.gnu-tools-for-stm32.14.3.rel1.linux64_1.0.100.202602081740/tools/bin/../lib/gcc/arm-none-eabi/14.3.1/../../../../arm-none-eabi/lib/thumb/v6-m/nofp/libc_nano.a(libc_a-memset.o)
 .ARM.attributes
                0x000001f8       0x2c /home/matheus-cipolotti/st/stm32cubeide_2.0.0/plugins/com.st.stm32cube.ide.mcu.externaltools.gnu-tools-for-stm32.14.3.rel1.linux64_1.0.100.202602081740/tools/bin/../lib/gcc/arm-none-eabi/14.3.1/../../../../arm-none-eabi/lib/thumb/v6-m/nofp/libc_nano.a(libc_a-init.o)
 .ARM.attributes
                0x00000224       0x1e /home/matheus-cipolotti/st/stm32cubeide_2.0.0/plugins/com.st.stm32cube.ide.mcu.externaltools.gnu-tools-for-stm32.14.3.rel1.linux64_1.0.100.202602081740/tools/bin/../lib/gcc/arm-none-eabi/14.3.1/thumb/v6-m/nofp/libgcc.a(_udivsi3.o)
 .ARM.attributes
                0x00000242       0x1e /home/matheus-cipolotti/st/stm32cubeide_2.0.0/plugins/com.st.stm32cube.ide.mcu.externaltools.gnu-tools-for-stm32.14.3.rel1.linux64_1.0.100.202602081740/tools/bin/../lib/gcc/arm-none-eabi/14.3.1/thumb/v6-m/nofp/libgcc.a(_dvmd_tls.o)
 .ARM.attributes
                0x00000260       0x1e /home/matheus-cipolotti/st/stm32cubeide_2.0.0/plugins/com.st.stm32cube.ide.mcu.externaltools.gnu-tools-for-stm32.14.3.rel1.linux64_1.0.100.202602081740/tools/bin/../lib/gcc/arm-none-eabi/14.3.1/thumb/v6-m/nofp/crtn.o
OUTPUT(MQTT_Project.elf elf32-littlearm)
LOAD linker stubs
LOAD /home/matheus-cipolotti/st/stm32cubeide_2.0.0/plugins/com.st.stm32cube.ide.mcu.externaltools.gnu-tools-for-stm32.14.3.rel1.linux64_1.0.100.202602081740/tools/bin/../lib/gcc/arm-none-eabi/14.3.1/../../../../arm-none-eabi/lib/thumb/v6-m/nofp/libc.a
LOAD /home/matheus-cipolotti/st/stm32cubeide_2.0.0/plugins/com.st.stm32cube.ide.mcu.externaltools.gnu-tools-for-stm32.14.3.rel1.linux64_1.0.100.202602081740/tools/bin/../lib/gcc/arm-none-eabi/14.3.1/../../../../arm-none-eabi/lib/thumb/v6-m/nofp/libm.a
LOAD /home/matheus-cipolotti/st/stm32cubeide_2.0.0/plugins/com.st.stm32cube.ide.mcu.externaltools.gnu-tools-for-stm32.14.3.rel1.linux64_1.0.100.202602081740/tools/bin/../lib/gcc/arm-none-eabi/14.3.1/thumb/v6-m/nofp/libgcc.a

.debug_info     0x00000000     0x3b67
 .debug_info    0x00000000      0x5e6 ./Ethernet_W5500/W5500/w5500.o
 .debug_info    0x000005e6      0xa1d ./Ethernet_W5500/socket.o
 .debug_info    0x00001003      0xf3f ./Ethernet_W5500/wizchip_conf.o
 .debug_info    0x00001f42      0x1bc ./Ethernet_W5500/wizchip_port.o
 .debug_info    0x000020fe      0x71f ./Src/EUSART.o
 .debug_info    0x0000281d      0x823 ./Src/MCU.o
 .debug_info    0x00003040      0x340 ./Src/SPI.o
 .debug_info    0x00003380      0x7b7 ./Src/main.o
 .debug_info    0x00003b37       0x30 ./Startup/startup_stm32g0b0retx.o

.debug_abbrev   0x00000000      0xe23
 .debug_abbrev  0x00000000      0x1cb ./Ethernet_W5500/W5500/w5500.o
 .debug_abbrev  0x000001cb      0x1c5 ./Ethernet_W5500/socket.o
 .debug_abbrev  0x00000390      0x320 ./Ethernet_W5500/wizchip_conf.o
 .debug_abbrev  0x000006b0      0x118 ./Ethernet_W5500/wizchip_port.o
 .debug_abbrev  0x000007c8      0x19a ./Src/EUSART.o
 .debug_abbrev  0x00000962      0x1c2 ./Src/MCU.o
 .debug_abbrev  0x00000b24       0xe3 ./Src/SPI.o
 .debug_abbrev  0x00000c07      0x1f8 ./Src/main.o
 .debug_abbrev  0x00000dff       0x24 ./Startup/startup_stm32g0b0retx.o

.debug_aranges  0x00000000      0x3b8
 .debug_aranges
                0x00000000       0x60 ./Ethernet_W5500/W5500/w5500.o
 .debug_aranges
                0x00000060       0xa8 ./Ethernet_W5500/socket.o
 .debug_aranges
                0x00000108      0x168 ./Ethernet_W5500/wizchip_conf.o
 .debug_aranges
                0x00000270       0x38 ./Ethernet_W5500/wizchip_port.o
 .debug_aranges
                0x000002a8       0x50 ./Src/EUSART.o
 .debug_aranges
                0x000002f8       0x40 ./Src/MCU.o
 .debug_aranges
                0x00000338       0x28 ./Src/SPI.o
 .debug_aranges
                0x00000360       0x30 ./Src/main.o
 .debug_aranges
                0x00000390       0x28 ./Startup/startup_stm32g0b0retx.o

.debug_rnglists
                0x00000000      0x2ce
 .debug_rnglists
                0x00000000       0x4c ./Ethernet_W5500/W5500/w5500.o
 .debug_rnglists
                0x0000004c       0x91 ./Ethernet_W5500/socket.o
 .debug_rnglists
                0x000000dd      0x112 ./Ethernet_W5500/wizchip_conf.o
 .debug_rnglists
                0x000001ef       0x25 ./Ethernet_W5500/wizchip_port.o
 .debug_rnglists
                0x00000214       0x39 ./Src/EUSART.o
 .debug_rnglists
                0x0000024d       0x2d ./Src/MCU.o
 .debug_rnglists
                0x0000027a       0x1a ./Src/SPI.o
 .debug_rnglists
                0x00000294       0x21 ./Src/main.o
 .debug_rnglists
                0x000002b5       0x19 ./Startup/startup_stm32g0b0retx.o

.debug_macro    0x00000000     0xda9b
 .debug_macro   0x00000000       0x9d ./Ethernet_W5500/W5500/w5500.o
 .debug_macro   0x0000009d       0xf6 ./Ethernet_W5500/socket.o
 .debug_macro   0x00000193       0x94 ./Ethernet_W5500/wizchip_conf.o
 .debug_macro   0x00000227       0xc9 ./Ethernet_W5500/wizchip_port.o
 .debug_macro   0x000002f0       0x28 ./Ethernet_W5500/wizchip_port.o
 .debug_macro   0x00000318       0x1c ./Ethernet_W5500/wizchip_port.o
 .debug_macro   0x00000334       0x22 ./Ethernet_W5500/wizchip_port.o
 .debug_macro   0x00000356       0xaf ./Ethernet_W5500/wizchip_port.o
 .debug_macro   0x00000405      0x4da ./Ethernet_W5500/wizchip_port.o
 .debug_macro   0x000008df      0x11f ./Ethernet_W5500/wizchip_port.o
 .debug_macro   0x000009fe     0xcbc8 ./Ethernet_W5500/wizchip_port.o
 .debug_macro   0x0000d5c6       0xc8 ./Src/EUSART.o
 .debug_macro   0x0000d68e       0x2e ./Src/EUSART.o
 .debug_macro   0x0000d6bc       0xc8 ./Src/MCU.o
 .debug_macro   0x0000d784       0xc8 ./Src/SPI.o
 .debug_macro   0x0000d84c      0x1ee ./Src/main.o
 .debug_macro   0x0000da3a       0x61 ./Src/main.o

.debug_line     0x00000000     0x4497
 .debug_line    0x00000000      0x7fb ./Ethernet_W5500/W5500/w5500.o
 .debug_line    0x000007fb      0xf86 ./Ethernet_W5500/socket.o
 .debug_line    0x00001781      0xd14 ./Ethernet_W5500/wizchip_conf.o
 .debug_line    0x00002495      0x52c ./Ethernet_W5500/wizchip_port.o
 .debug_line    0x000029c1      0x65a ./Src/EUSART.o
 .debug_line    0x0000301b      0x667 ./Src/MCU.o
 .debug_line    0x00003682      0x586 ./Src/SPI.o
 .debug_line    0x00003c08      0x814 ./Src/main.o
 .debug_line    0x0000441c       0x7b ./Startup/startup_stm32g0b0retx.o

.debug_str      0x00000000    0x57675
 .debug_str     0x00000000    0x57675 ./Ethernet_W5500/W5500/w5500.o
                               0x6b4e (size before relaxing)
 .debug_str     0x00057675     0x77db ./Ethernet_W5500/socket.o
 .debug_str     0x00057675     0x7567 ./Ethernet_W5500/wizchip_conf.o
 .debug_str     0x00057675    0x4f8fd ./Ethernet_W5500/wizchip_port.o
 .debug_str     0x00057675    0x4fd1a ./Src/EUSART.o
 .debug_str     0x00057675    0x4fd67 ./Src/MCU.o
 .debug_str     0x00057675    0x4fa6a ./Src/SPI.o
 .debug_str     0x00057675    0x56604 ./Src/main.o
 .debug_str     0x00057675       0x82 ./Startup/startup_stm32g0b0retx.o

.comment        0x00000000       0x43
 .comment       0x00000000       0x43 ./Ethernet_W5500/W5500/w5500.o
                                 0x44 (size before relaxing)
 .comment       0x00000043       0x44 ./Ethernet_W5500/socket.o
 .comment       0x00000043       0x44 ./Ethernet_W5500/wizchip_conf.o
 .comment       0x00000043       0x44 ./Ethernet_W5500/wizchip_port.o
 .comment       0x00000043       0x44 ./Src/EUSART.o
 .comment       0x00000043       0x44 ./Src/MCU.o
 .comment       0x00000043       0x44 ./Src/SPI.o
 .comment       0x00000043       0x44 ./Src/main.o

.debug_frame    0x00000000      0xc48
 .debug_frame   0x00000000      0x14c ./Ethernet_W5500/W5500/w5500.o
 .debug_frame   0x0000014c      0x274 ./Ethernet_W5500/socket.o
 .debug_frame   0x000003c0      0x54c ./Ethernet_W5500/wizchip_conf.o
 .debug_frame   0x0000090c       0x84 ./Ethernet_W5500/wizchip_port.o
 .debug_frame   0x00000990       0xf0 ./Src/EUSART.o
 .debug_frame   0x00000a80       0xa4 ./Src/MCU.o
 .debug_frame   0x00000b24       0x4c ./Src/SPI.o
 .debug_frame   0x00000b70       0x6c ./Src/main.o
 .debug_frame   0x00000bdc       0x20 /home/matheus-cipolotti/st/stm32cubeide_2.0.0/plugins/com.st.stm32cube.ide.mcu.externaltools.gnu-tools-for-stm32.14.3.rel1.linux64_1.0.100.202602081740/tools/bin/../lib/gcc/arm-none-eabi/14.3.1/../../../../arm-none-eabi/lib/thumb/v6-m/nofp/libc_nano.a(libc_a-memset.o)
 .debug_frame   0x00000bfc       0x2c /home/matheus-cipolotti/st/stm32cubeide_2.0.0/plugins/com.st.stm32cube.ide.mcu.externaltools.gnu-tools-for-stm32.14.3.rel1.linux64_1.0.100.202602081740/tools/bin/../lib/gcc/arm-none-eabi/14.3.1/../../../../arm-none-eabi/lib/thumb/v6-m/nofp/libc_nano.a(libc_a-init.o)
 .debug_frame   0x00000c28       0x20 /home/matheus-cipolotti/st/stm32cubeide_2.0.0/plugins/com.st.stm32cube.ide.mcu.externaltools.gnu-tools-for-stm32.14.3.rel1.linux64_1.0.100.202602081740/tools/bin/../lib/gcc/arm-none-eabi/14.3.1/thumb/v6-m/nofp/libgcc.a(_udivsi3.o)

.debug_line_str
                0x00000000       0x66
 .debug_line_str
                0x00000000       0x66 ./Startup/startup_stm32g0b0retx.o
